 zlibwapi

 Timestamp is 50dcb8e4 (Fri Dec 28 08:08:52 2012)

 Preferred load address is 0000000180000000

 Start         Length     Name                   Class
 0001:00000000 00028eacH .text                   CODE
 0001:00028eb0 000010d8H .text$x                 CODE
 0002:00000000 00000109H .CRT$XCA                DATA
 0002:00000110 00000109H .CRT$XCZ                DATA
 0002:00000220 00000109H .CRT$XIA                DATA
 0002:00000330 00000109H .CRT$XIAA               DATA
 0002:00000440 00000109H .CRT$XIZ                DATA
 0002:00000550 00004d06H .rdata                  DATA
 0002:00005258 00000190H .rdata$debug            DATA
 0002:000053e8 00000109H .rtc$IAA                DATA
 0002:000054f8 00000109H .rtc$IZZ                DATA
 0002:00005608 00000109H .rtc$TAA                DATA
 0002:00005718 00000109H .rtc$TZZ                DATA
 0002:00005828 00000b74H .xdata                  DATA
 0002:000063a0 00000f7aH .edata                  DATA
 0003:00000000 00000966H .data                   DATA
 0003:00000968 00000069H .bss                    DATA
 0004:00000000 00000bf4H .pdata                  DATA
 0005:00000000 00000028H .idata$2                DATA
 0005:00000028 00000014H .idata$3                DATA
 0005:00000040 00000300H .idata$4                DATA
 0005:00000340 00000300H .idata$5                DATA
 0005:00000640 000004a2H .idata$6                DATA
 0006:00000000 00000169H .rsrc$01                DATA
 0006:00000170 000004d3H .rsrc$02                DATA

  Address         Publics by Value              Rva+Base               Lib:Object

 0000:00000000       ___safe_se_handler_table   0000000000000000     <absolute>
 0000:00000000       ___safe_se_handler_count   0000000000000000     <absolute>
 0000:00000000       __ImageBase                0000000180000000     <linker-defined>
 0001:000006b0       longest_match              00000001800016b0 f   gvmat64.obj
 0001:00000989       match_init                 0000000180001989 f   gvmat64.obj
 0001:00000a40       inffas8664fnc              0000000180001a40 f   inffasx64.obj
 0001:00000e20       adler32                    0000000180001e20 f   adler32.obj
 0001:00001520       adler32_combine            0000000180002520 f   adler32.obj
 0001:00001690       adler32_combine64          0000000180002690 f   adler32.obj
 0001:000018e0       compress2                  00000001800028e0 f   compress.obj
 0001:00001a30       compress                   0000000180002a30 f   compress.obj
 0001:00001a80       compressBound              0000000180002a80 f   compress.obj
 0001:00001b20       get_crc_table              0000000180002b20 f   crc32.obj
 0001:00001b30       crc32                      0000000180002b30 f   crc32.obj
 0001:00002b40       crc32_combine              0000000180003b40 f   crc32.obj
 0001:00002dd0       crc32_combine64            0000000180003dd0 f   crc32.obj
 0001:000032b0       deflateInit_               00000001800042b0 f   deflate.obj
 0001:00003310       deflateInit2_              0000000180004310 f   deflate.obj
 0001:00003760       deflateSetDictionary       0000000180004760 f   deflate.obj
 0001:00003ae0       deflateResetKeep           0000000180004ae0 f   deflate.obj
 0001:00003c20       deflateReset               0000000180004c20 f   deflate.obj
 0001:00003c60       deflateSetHeader           0000000180004c60 f   deflate.obj
 0001:00003cc0       deflatePending             0000000180004cc0 f   deflate.obj
 0001:00003d30       deflatePrime               0000000180004d30 f   deflate.obj
 0001:00003e70       deflateParams              0000000180004e70 f   deflate.obj
 0001:00004020       deflateTune                0000000180005020 f   deflate.obj
 0001:000040b0       deflateBound               00000001800050b0 f   deflate.obj
 0001:000042a0       deflate                    00000001800052a0 f   deflate.obj
 0001:000057d0       deflateEnd                 00000001800067d0 f   deflate.obj
 0001:00005950       deflateCopy                0000000180006950 f   deflate.obj
 0001:0000a1e0       gzclose                    000000018000b1e0 f   gzclose.obj
 0001:0000a250       gzopen                     000000018000b250 f   gzlib.obj
 0001:0000a7f0       gzopen64                   000000018000b7f0 f   gzlib.obj
 0001:0000a820       gzdopen                    000000018000b820 f   gzlib.obj
 0001:0000a8a0       gzopen_w                   000000018000b8a0 f   gzlib.obj
 0001:0000a8d0       gzbuffer                   000000018000b8d0 f   gzlib.obj
 0001:0000a950       gzrewind                   000000018000b950 f   gzlib.obj
 0001:0000a9e0       gzseek64                   000000018000b9e0 f   gzlib.obj
 0001:0000acf0       gzseek                     000000018000bcf0 f   gzlib.obj
 0001:0000ad50       gztell64                   000000018000bd50 f   gzlib.obj
 0001:0000add0       gztell                     000000018000bdd0 f   gzlib.obj
 0001:0000ae20       gzoffset64                 000000018000be20 f   gzlib.obj
 0001:0000aee0       gzoffset                   000000018000bee0 f   gzlib.obj
 0001:0000af30       gzeof                      000000018000bf30 f   gzlib.obj
 0001:0000afa0       gzerror                    000000018000bfa0 f   gzlib.obj
 0001:0000b030       gzclearerr                 000000018000c030 f   gzlib.obj
 0001:0000b0b0       gz_error                   000000018000c0b0 f   gzlib.obj
 0001:0000b5e0       gzread                     000000018000c5e0 f   gzread.obj
 0001:0000c140       gzgetc                     000000018000d140 f   gzread.obj
 0001:0000c230       gzgetc_                    000000018000d230 f   gzread.obj
 0001:0000c250       gzungetc                   000000018000d250 f   gzread.obj
 0001:0000c490       gzgets                     000000018000d490 f   gzread.obj
 0001:0000c6b0       gzdirect                   000000018000d6b0 f   gzread.obj
 0001:0000c710       gzclose_r                  000000018000d710 f   gzread.obj
 0001:0000cca0       gzwrite                    000000018000dca0 f   gzwrite.obj
 0001:0000d410       gzputc                     000000018000e410 f   gzwrite.obj
 0001:0000d560       gzputs                     000000018000e560 f   gzwrite.obj
 0001:0000d5d0       gzprintf                   000000018000e5d0 f   gzwrite.obj
 0001:0000d780       gzflush                    000000018000e780 f   gzwrite.obj
 0001:0000d840       gzsetparams                000000018000e840 f   gzwrite.obj
 0001:0000d970       gzclose_w                  000000018000e970 f   gzwrite.obj
 0001:0000de30       inflateBackInit_           000000018000ee30 f   infback.obj
 0001:0000dfa0       inflateBack                000000018000efa0 f   infback.obj
 0001:0000fbe0       inflateBackEnd             0000000180010be0 f   infback.obj
 0001:000103d0       inflate_fast               00000001800113d0 f   inffas8664.obj
 0001:00010890       inflateResetKeep           0000000180011890 f   inflate.obj
 0001:000109c0       inflateReset               00000001800119c0 f   inflate.obj
 0001:00010a30       inflateReset2              0000000180011a30 f   inflate.obj
 0001:00010b30       inflateInit2_              0000000180011b30 f   inflate.obj
 0001:00010c70       inflateInit_               0000000180011c70 f   inflate.obj
 0001:00010cb0       inflatePrime               0000000180011cb0 f   inflate.obj
 0001:00010d90       inflate                    0000000180011d90 f   inflate.obj
 0001:00014090       inflateEnd                 0000000180015090 f   inflate.obj
 0001:00014130       inflateSetDictionary       0000000180015130 f   inflate.obj
 0001:00014280       inflateGetHeader           0000000180015280 f   inflate.obj
 0001:00014300       inflateSync                0000000180015300 f   inflate.obj
 0001:000145c0       inflateSyncPoint           00000001800155c0 f   inflate.obj
 0001:00014630       inflateCopy                0000000180015630 f   inflate.obj
 0001:000148a0       inflateUndermine           00000001800158a0 f   inflate.obj
 0001:00014920       inflateMark                0000000180015920 f   inflate.obj
 0001:00015a00       inflate_table              0000000180016a00 f   inftrees.obj
 0001:00016500       call_zopen64               0000000180017500 f   ioapi.obj
 0001:00016570       call_zseek64               0000000180017570 f   ioapi.obj
 0001:00016600       call_ztell64               0000000180017600 f   ioapi.obj
 0001:00016670       fill_zlib_filefunc64_32_def_from_filefunc32 0000000180017670 f   ioapi.obj
 0001:00016750       fill_fopen_filefunc        0000000180017750 f   ioapi.obj
 0001:00016a60       fill_fopen64_filefunc      0000000180017a60 f   ioapi.obj
 0001:00016e40       win32_open64_file_func     0000000180017e40 f   iowin32.obj
 0001:00017040       win32_open64_file_funcA    0000000180018040 f   iowin32.obj
 0001:000170f0       win32_open64_file_funcW    00000001800180f0 f   iowin32.obj
 0001:000171a0       win32_open_file_func       00000001800181a0 f   iowin32.obj
 0001:00017250       win32_read_file_func       0000000180018250 f   iowin32.obj
 0001:00017300       win32_write_file_func      0000000180018300 f   iowin32.obj
 0001:000173b0       win32_tell_file_func       00000001800183b0 f   iowin32.obj
 0001:00017450       win32_tell64_file_func     0000000180018450 f   iowin32.obj
 0001:00017500       win32_seek_file_func       0000000180018500 f   iowin32.obj
 0001:000175f0       win32_seek64_file_func     00000001800185f0 f   iowin32.obj
 0001:00017700       win32_close_file_func      0000000180018700 f   iowin32.obj
 0001:00017760       win32_error_file_func      0000000180018760 f   iowin32.obj
 0001:000177a0       fill_win32_filefunc        00000001800187a0 f   iowin32.obj
 0001:00017830       fill_win32_filefunc64      0000000180018830 f   iowin32.obj
 0001:000178c0       fill_win32_filefunc64A     00000001800188c0 f   iowin32.obj
 0001:00017950       fill_win32_filefunc64W     0000000180018950 f   iowin32.obj
 0001:00017cc0       _tr_init                   0000000180018cc0 f   trees.obj
 0001:00017e80       _tr_stored_block           0000000180018e80 f   trees.obj
 0001:00018010       _tr_flush_bits             0000000180019010 f   trees.obj
 0001:00018030       _tr_align                  0000000180019030 f   trees.obj
 0001:00018310       _tr_flush_block            0000000180019310 f   trees.obj
 0001:0001a960       _tr_tally                  000000018001b960 f   trees.obj
 0001:0001c8b0       uncompress                 000000018001d8b0 f   uncompr.obj
 0001:0001ca50       unzStringFileNameCompare   000000018001da50 f   unzip.obj
 0001:0001cba0       unzOpen2                   000000018001dba0 f   unzip.obj
 0001:0001db90       unzOpen2_64                000000018001eb90 f   unzip.obj
 0001:0001dc40       unzOpen                    000000018001ec40 f   unzip.obj
 0001:0001dc70       unzOpen64                  000000018001ec70 f   unzip.obj
 0001:0001dca0       unzClose                   000000018001eca0 f   unzip.obj
 0001:0001dd20       unzGetGlobalInfo64         000000018001ed20 f   unzip.obj
 0001:0001dd90       unzGetGlobalInfo           000000018001ed90 f   unzip.obj
 0001:0001dde0       unzGetCurrentFileInfo64    000000018001ede0 f   unzip.obj
 0001:0001e830       unzGetCurrentFileInfo      000000018001f830 f   unzip.obj
 0001:0001e9e0       unzGoToFirstFile           000000018001f9e0 f   unzip.obj
 0001:0001ead0       unzGoToNextFile            000000018001fad0 f   unzip.obj
 0001:0001ec30       unzLocateFile              000000018001fc30 f   unzip.obj
 0001:0001ee60       unzGetFilePos64            000000018001fe60 f   unzip.obj
 0001:0001eee0       unzGetFilePos              000000018001fee0 f   unzip.obj
 0001:0001ef30       unzGoToFilePos64           000000018001ff30 f   unzip.obj
 0001:0001f020       unzGoToFilePos             0000000180020020 f   unzip.obj
 0001:0001f070       unzOpenCurrentFile3        0000000180020070 f   unzip.obj
 0001:0001f830       unzOpenCurrentFile         0000000180020830 f   unzip.obj
 0001:0001f860       unzOpenCurrentFilePassword 0000000180020860 f   unzip.obj
 0001:0001f8a0       unzOpenCurrentFile2        00000001800208a0 f   unzip.obj
 0001:0001f8f0       unzGetCurrentFileZStreamPos64 00000001800208f0 f   unzip.obj
 0001:0001f950       unzReadCurrentFile         0000000180020950 f   unzip.obj
 0001:0001fee0       unztell                    0000000180020ee0 f   unzip.obj
 0001:0001ff40       unztell64                  0000000180020f40 f   unzip.obj
 0001:0001ffa0       unzeof                     0000000180020fa0 f   unzip.obj
 0001:00020010       unzGetLocalExtrafield      0000000180021010 f   unzip.obj
 0001:00020150       unzCloseCurrentFile        0000000180021150 f   unzip.obj
 0001:00020260       unzGetGlobalComment        0000000180021260 f   unzip.obj
 0001:00020360       unzGetOffset64             0000000180021360 f   unzip.obj
 0001:000203e0       unzGetOffset               00000001800213e0 f   unzip.obj
 0001:00020420       unzSetOffset64             0000000180021420 f   unzip.obj
 0001:00020510       unzSetOffset               0000000180021510 f   unzip.obj
 0001:000213f0       LoadCentralDirectoryRecord 00000001800223f0 f   zip.obj
 0001:00022740       zipOpen3                   0000000180023740 f   zip.obj
 0001:000229a0       zipOpen2                   00000001800239a0 f   zip.obj
 0001:00022a30       zipOpen2_64                0000000180023a30 f   zip.obj
 0001:00022b00       zipOpen                    0000000180023b00 f   zip.obj
 0001:00022b30       zipOpen64                  0000000180023b30 f   zip.obj
 0001:00022b60       Write_LocalFileHeader      0000000180023b60 f   zip.obj
 0001:00023040       zipOpenNewFileInZip4_64    0000000180024040 f   zip.obj
 0001:00023ed0       zipOpenNewFileInZip4       0000000180024ed0 f   zip.obj
 0001:00023fd0       zipOpenNewFileInZip3       0000000180024fd0 f   zip.obj
 0001:000240d0       zipOpenNewFileInZip3_64    00000001800250d0 f   zip.obj
 0001:000241d0       zipOpenNewFileInZip2       00000001800251d0 f   zip.obj
 0001:000242c0       zipOpenNewFileInZip2_64    00000001800252c0 f   zip.obj
 0001:000243b0       zipOpenNewFileInZip64      00000001800253b0 f   zip.obj
 0001:000244a0       zipOpenNewFileInZip        00000001800254a0 f   zip.obj
 0001:00024590       zipWriteInFileInZip        0000000180025590 f   zip.obj
 0001:00024a00       zipCloseFileInZipRaw       0000000180025a00 f   zip.obj
 0001:00024a40       zipCloseFileInZipRaw64     0000000180025a40 f   zip.obj
 0001:00025230       zipCloseFileInZip          0000000180026230 f   zip.obj
 0001:00025260       Write_Zip64EndOfCentralDirectoryLocator 0000000180026260 f   zip.obj
 0001:00025340       Write_Zip64EndOfCentralDirectoryRecord 0000000180026340 f   zip.obj
 0001:00025540       Write_EndOfCentralDirectoryRecord 0000000180026540 f   zip.obj
 0001:00025770       Write_GlobalComment        0000000180026770 f   zip.obj
 0001:00025820       zipClose                   0000000180026820 f   zip.obj
 0001:00025b00       zipRemoveExtraInfoBlock    0000000180026b00 f   zip.obj
 0001:00026ec0       zlibVersion                0000000180027ec0 f   zutil.obj
 0001:00026ed0       zlibCompileFlags           0000000180027ed0 f   zutil.obj
 0001:00027010       zError                     0000000180028010 f   zutil.obj
 0001:00027040       zcalloc                    0000000180028040 f   zutil.obj
 0001:00027090       zcfree                     0000000180028090 f   zutil.obj
 0001:0002712a       CreateFileA                000000018002812a f   kernel32:KERNEL32.dll
 0001:00027130       CloseHandle                0000000180028130 f   kernel32:KERNEL32.dll
 0001:00027136       CreateFileW                0000000180028136 f   kernel32:KERNEL32.dll
 0001:0002713c       GetLastError               000000018002813c f   kernel32:KERNEL32.dll
 0001:00027142       ReadFile                   0000000180028142 f   kernel32:KERNEL32.dll
 0001:00027148       WriteFile                  0000000180028148 f   kernel32:KERNEL32.dll
 0001:0002714e       SetFilePointer             000000018002814e f   kernel32:KERNEL32.dll
 0001:00027154       memset                     0000000180028154 f   MSVCRTD:MSVCR100D.dll
 0001:0002715a       memcpy                     000000018002815a f   MSVCRTD:MSVCR100D.dll
 0001:00027160       _lseeki64                  0000000180028160 f   MSVCRTD:MSVCR100D.dll
 0001:00027166       _wopen                     0000000180028166 f   MSVCRTD:MSVCR100D.dll
 0001:0002716c       strcpy                     000000018002816c f   MSVCRTD:MSVCR100D.dll
 0001:00027172       strlen                     0000000180028172 f   MSVCRTD:MSVCR100D.dll
 0001:00027178       wcstombs                   0000000180028178 f   MSVCRTD:MSVCR100D.dll
 0001:0002717e       free                       000000018002817e f   MSVCRTD:MSVCR100D.dll
 0001:00027184       malloc                     0000000180028184 f   MSVCRTD:MSVCR100D.dll
 0001:0002718a       sprintf                    000000018002818a f   MSVCRTD:MSVCR100D.dll
 0001:00027190       strcat                     0000000180028190 f   MSVCRTD:MSVCR100D.dll
 0001:00027196       strerror                   0000000180028196 f   MSVCRTD:MSVCR100D.dll
 0001:0002719c       _errno                     000000018002819c f   MSVCRTD:MSVCR100D.dll
 0001:000271a2       memchr                     00000001800281a2 f   MSVCRTD:MSVCR100D.dll
 0001:000271a8       fopen                      00000001800281a8 f   MSVCRTD:MSVCR100D.dll
 0001:000271ae       fread                      00000001800281ae f   MSVCRTD:MSVCR100D.dll
 0001:000271b4       fwrite                     00000001800281b4 f   MSVCRTD:MSVCR100D.dll
 0001:000271ba       ftell                      00000001800281ba f   MSVCRTD:MSVCR100D.dll
 0001:000271c0       fseek                      00000001800281c0 f   MSVCRTD:MSVCR100D.dll
 0001:000271c6       fclose                     00000001800281c6 f   MSVCRTD:MSVCR100D.dll
 0001:000271cc       ferror                     00000001800281cc f   MSVCRTD:MSVCR100D.dll
 0001:000271d2       _ftelli64                  00000001800281d2 f   MSVCRTD:MSVCR100D.dll
 0001:000271d8       _fseeki64                  00000001800281d8 f   MSVCRTD:MSVCR100D.dll
 0001:000271de       strcmp                     00000001800281de f   MSVCRTD:MSVCR100D.dll
 0001:00027200       __chkstk                   0000000180028200 f   MSVCRTD:chkstk.obj
 0001:00027200       _alloca_probe              0000000180028200     MSVCRTD:chkstk.obj
 0001:0002724e       rand                       000000018002824e f   MSVCRTD:MSVCR100D.dll
 0001:00027254       srand                      0000000180028254 f   MSVCRTD:MSVCR100D.dll
 0001:0002725a       _time64                    000000018002825a f   MSVCRTD:MSVCR100D.dll
 0001:000272f0       _CRT_INIT                  00000001800282f0 f   MSVCRTD:crtdll.obj
 0001:000276b0       NtCurrentTeb               00000001800286b0 f i MSVCRTD:crtdll.obj
 0001:000276c0       _DllMainCRTStartup         00000001800286c0 f   MSVCRTD:crtdll.obj
 0001:00027872       _vsnprintf                 0000000180028872 f   MSVCRTD:MSVCR100D.dll
 0001:00027880       __clean_type_info_names    0000000180028880 f   MSVCRTD:tncleanup.obj
 0001:000278a0       _onexit                    00000001800288a0 f   MSVCRTD:atonexit.obj
 0001:00027960       atexit                     0000000180028960 f   MSVCRTD:atonexit.obj
 0001:000279a0       _RTC_Initialize            00000001800289a0 f   MSVCRTD:_initsect_.obj
 0001:000279e0       _RTC_Terminate             00000001800289e0 f   MSVCRTD:_initsect_.obj
 0001:00027a1e       _malloc_dbg                0000000180028a1e f   MSVCRTD:MSVCR100D.dll
 0001:00027a24       _free_dbg                  0000000180028a24 f   MSVCRTD:MSVCR100D.dll
 0001:00027a2a       _encoded_null              0000000180028a2a f   MSVCRTD:MSVCR100D.dll
 0001:00027a30       _CrtSetCheckCount          0000000180028a30 f   MSVCRTD:MSVCR100D.dll
 0001:00027a40       _ValidateImageBase         0000000180028a40 f   MSVCRTD:pesect.obj
 0001:00027ac0       _FindPESection             0000000180028ac0 f   MSVCRTD:pesect.obj
 0001:00027b70       _IsNonwritableInCurrentImage 0000000180028b70 f   MSVCRTD:pesect.obj
 0001:00027bfe       _initterm                  0000000180028bfe f   MSVCRTD:MSVCR100D.dll
 0001:00027c04       _initterm_e                0000000180028c04 f   MSVCRTD:MSVCR100D.dll
 0001:00027c0a       _amsg_exit                 0000000180028c0a f   MSVCRTD:MSVCR100D.dll
 0001:00027c10       __security_init_cookie     0000000180028c10 f   MSVCRTD:gs_support.obj
 0001:00027d1e       __C_specific_handler       0000000180028d1e f   MSVCRTD:MSVCR100D.dll
 0001:00027d24       __CppXcptFilter            0000000180028d24 f   MSVCRTD:MSVCR100D.dll
 0001:00027d30       DllMain                    0000000180028d30 f   MSVCRTD:dllmain.obj
 0001:00027d68       __clean_type_info_names_internal 0000000180028d68 f   MSVCRTD:MSVCR100D.dll
 0001:00027d6e       _unlock                    0000000180028d6e f   MSVCRTD:MSVCR100D.dll
 0001:00027d74       __dllonexit                0000000180028d74 f   MSVCRTD:MSVCR100D.dll
 0001:00027d7a       _lock                      0000000180028d7a f   MSVCRTD:MSVCR100D.dll
 0001:00027d80       EncodePointer              0000000180028d80 f   kernel32:KERNEL32.dll
 0001:00027d86       DecodePointer              0000000180028d86 f   kernel32:KERNEL32.dll
 0001:00027d8c       Sleep                      0000000180028d8c f   kernel32:KERNEL32.dll
 0001:00027d92       QueryPerformanceCounter    0000000180028d92 f   kernel32:KERNEL32.dll
 0001:00027d98       GetTickCount               0000000180028d98 f   kernel32:KERNEL32.dll
 0001:00027d9e       GetCurrentThreadId         0000000180028d9e f   kernel32:KERNEL32.dll
 0001:00027da4       GetCurrentProcessId        0000000180028da4 f   kernel32:KERNEL32.dll
 0001:00027daa       GetSystemTimeAsFileTime    0000000180028daa f   kernel32:KERNEL32.dll
 0001:00027db0       DisableThreadLibraryCalls  0000000180028db0 f   kernel32:KERNEL32.dll
 0001:00027db6       _open                      0000000180028db6 f   MSVCRTD:MSVCR100D.dll
 0001:00027dbc       _read                      0000000180028dbc f   MSVCRTD:MSVCR100D.dll
 0001:00027dc2       _close                     0000000180028dc2 f   MSVCRTD:MSVCR100D.dll
 0001:00027dc8       _write                     0000000180028dc8 f   MSVCRTD:MSVCR100D.dll
 0002:00000000       __xc_a                     000000018002b000     MSVCRTD:cinitexe.obj
 0002:00000110       __xc_z                     000000018002b110     MSVCRTD:cinitexe.obj
 0002:00000220       __xi_a                     000000018002b220     MSVCRTD:cinitexe.obj
 0002:00000440       __xi_z                     000000018002b440     MSVCRTD:cinitexe.obj
 0002:00002be0       deflate_copyright          000000018002dbe0     deflate.obj
 0002:000041c0       inflate_copyright          000000018002f1c0     inftrees.obj
 0002:000049a0       _dist_code                 000000018002f9a0     trees.obj
 0002:00004ba0       _length_code               000000018002fba0     trees.obj
 0002:00004fb0       unz_copyright              000000018002ffb0     unzip.obj
 0002:00005020       zip_copyright              0000000180030020     zip.obj
 0002:00005080       z_errmsg                   0000000180030080     zutil.obj
 0002:000050e0       _pRawDllMain               00000001800300e0     MSVCRTD:crtdll.obj
 0002:000050e0       _pDefaultRawDllMain        00000001800300e0     MSVCRTD:crtdll.obj
 0002:000050e8       ??_C@_0DF@EBFKANAI@f?3?2dd?2vctools?2crt_bld?2self_64_am@ 00000001800300e8     MSVCRTD:crtdll.obj
 0002:00005120       ?ProcessDetach@NativeDll@<CrtImplementationDetails>@@0IB 0000000180030120     MSVCRTD:tncleanup.obj
 0002:00005124       ?ProcessAttach@NativeDll@<CrtImplementationDetails>@@0IB 0000000180030124     MSVCRTD:tncleanup.obj
 0002:00005128       ?ThreadAttach@NativeDll@<CrtImplementationDetails>@@0IB 0000000180030128     MSVCRTD:tncleanup.obj
 0002:0000512c       ?ThreadDetach@NativeDll@<CrtImplementationDetails>@@0IB 000000018003012c     MSVCRTD:tncleanup.obj
 0002:00005130       ?ProcessVerifier@NativeDll@<CrtImplementationDetails>@@0IB 0000000180030130     MSVCRTD:tncleanup.obj
 0002:000053e8       __rtc_iaa                  00000001800303e8     MSVCRTD:_initsect_.obj
 0002:000054f8       __rtc_izz                  00000001800304f8     MSVCRTD:_initsect_.obj
 0002:00005608       __rtc_taa                  0000000180030608     MSVCRTD:_initsect_.obj
 0002:00005718       __rtc_tzz                  0000000180030718     MSVCRTD:_initsect_.obj
 0003:00000840       __native_dllmain_reason    0000000180033840     MSVCRTD:natstart.obj
 0003:00000844       __native_vcclrit_reason    0000000180033844     MSVCRTD:natstart.obj
 0003:00000848       __security_cookie          0000000180033848     MSVCRTD:gs_cookie.obj
 0003:00000850       __security_cookie_complement 0000000180033850     MSVCRTD:gs_cookie.obj
 0003:00000978       ?__type_info_root_node@@3U__type_info_node@@A 0000000180033978     MSVCRTD:tncleanup.obj
 0003:00000988       __native_startup_state     0000000180033988     <common>
 0003:00000998       __native_startup_lock      0000000180033998     <common>
 0003:000009a0       __onexitend                00000001800339a0     <common>
 0003:000009b8       __onexitbegin              00000001800339b8     <common>
 0003:000009c0       __dyn_tls_init_callback    00000001800339c0     <common>
 0005:00000000       __IMPORT_DESCRIPTOR_KERNEL32 0000000180035000     kernel32:KERNEL32.dll
 0005:00000014       __IMPORT_DESCRIPTOR_MSVCR100D 0000000180035014     MSVCRTD:MSVCR100D.dll
 0005:00000028       __NULL_IMPORT_DESCRIPTOR   0000000180035028     kernel32:KERNEL32.dll
 0005:00000340       __imp_CreateFileA          0000000180035340     kernel32:KERNEL32.dll
 0005:00000348       __imp_CloseHandle          0000000180035348     kernel32:KERNEL32.dll
 0005:00000350       __imp_CreateFileW          0000000180035350     kernel32:KERNEL32.dll
 0005:00000358       __imp_GetLastError         0000000180035358     kernel32:KERNEL32.dll
 0005:00000360       __imp_ReadFile             0000000180035360     kernel32:KERNEL32.dll
 0005:00000368       __imp_WriteFile            0000000180035368     kernel32:KERNEL32.dll
 0005:00000370       __imp_SetFilePointer       0000000180035370     kernel32:KERNEL32.dll
 0005:00000378       __imp_GetSystemTimeAsFileTime 0000000180035378     kernel32:KERNEL32.dll
 0005:00000380       __imp_GetCurrentProcessId  0000000180035380     kernel32:KERNEL32.dll
 0005:00000388       __imp_GetCurrentThreadId   0000000180035388     kernel32:KERNEL32.dll
 0005:00000390       __imp_GetTickCount         0000000180035390     kernel32:KERNEL32.dll
 0005:00000398       __imp_QueryPerformanceCounter 0000000180035398     kernel32:KERNEL32.dll
 0005:000003a0       __imp_Sleep                00000001800353a0     kernel32:KERNEL32.dll
 0005:000003a8       __imp_DecodePointer        00000001800353a8     kernel32:KERNEL32.dll
 0005:000003b0       __imp_EncodePointer        00000001800353b0     kernel32:KERNEL32.dll
 0005:000003b8       __imp_DisableThreadLibraryCalls 00000001800353b8     kernel32:KERNEL32.dll
 0005:000003c0       \177KERNEL32_NULL_THUNK_DATA 00000001800353c0     kernel32:KERNEL32.dll
 0005:00000430       __imp_sprintf              0000000180035430     MSVCRTD:MSVCR100D.dll
 0005:00000438       __imp_strcat               0000000180035438     MSVCRTD:MSVCR100D.dll
 0005:00000440       __imp_strerror             0000000180035440     MSVCRTD:MSVCR100D.dll
 0005:00000448       __imp__errno               0000000180035448     MSVCRTD:MSVCR100D.dll
 0005:00000450       __imp_memchr               0000000180035450     MSVCRTD:MSVCR100D.dll
 0005:00000458       __imp_fopen                0000000180035458     MSVCRTD:MSVCR100D.dll
 0005:00000460       __imp_fread                0000000180035460     MSVCRTD:MSVCR100D.dll
 0005:00000468       __imp_fwrite               0000000180035468     MSVCRTD:MSVCR100D.dll
 0005:00000470       __imp_ftell                0000000180035470     MSVCRTD:MSVCR100D.dll
 0005:00000478       __imp_fseek                0000000180035478     MSVCRTD:MSVCR100D.dll
 0005:00000480       __imp_fclose               0000000180035480     MSVCRTD:MSVCR100D.dll
 0005:00000488       __imp_ferror               0000000180035488     MSVCRTD:MSVCR100D.dll
 0005:00000490       __imp__ftelli64            0000000180035490     MSVCRTD:MSVCR100D.dll
 0005:00000498       __imp_malloc               0000000180035498     MSVCRTD:MSVCR100D.dll
 0005:000004a0       __imp_strcmp               00000001800354a0     MSVCRTD:MSVCR100D.dll
 0005:000004a8       __imp_rand                 00000001800354a8     MSVCRTD:MSVCR100D.dll
 0005:000004b0       __imp_srand                00000001800354b0     MSVCRTD:MSVCR100D.dll
 0005:000004b8       __imp__time64              00000001800354b8     MSVCRTD:MSVCR100D.dll
 0005:000004c0       __imp_vsnprintf            00000001800354c0     MSVCRTD:MSVCR100D.dll
 0005:000004c0       __imp__vsnprintf           00000001800354c0     MSVCRTD:MSVCR100D.dll
 0005:000004c8       __imp__malloc_dbg          00000001800354c8     MSVCRTD:MSVCR100D.dll
 0005:000004d0       __imp__free_dbg            00000001800354d0     MSVCRTD:MSVCR100D.dll
 0005:000004d8       __imp__encoded_null        00000001800354d8     MSVCRTD:MSVCR100D.dll
 0005:000004e0       __imp__CrtSetCheckCount    00000001800354e0     MSVCRTD:MSVCR100D.dll
 0005:000004e8       __imp__initterm            00000001800354e8     MSVCRTD:MSVCR100D.dll
 0005:000004f0       __imp__initterm_e          00000001800354f0     MSVCRTD:MSVCR100D.dll
 0005:000004f8       __imp__amsg_exit           00000001800354f8     MSVCRTD:MSVCR100D.dll
 0005:00000500       __imp___C_specific_handler 0000000180035500     MSVCRTD:MSVCR100D.dll
 0005:00000508       __imp___CppXcptFilter      0000000180035508     MSVCRTD:MSVCR100D.dll
 0005:00000510       __imp___clean_type_info_names_internal 0000000180035510     MSVCRTD:MSVCR100D.dll
 0005:00000518       __imp__unlock              0000000180035518     MSVCRTD:MSVCR100D.dll
 0005:00000520       __imp___dllonexit          0000000180035520     MSVCRTD:MSVCR100D.dll
 0005:00000528       __imp__lock                0000000180035528     MSVCRTD:MSVCR100D.dll
 0005:00000530       __imp__onexit              0000000180035530     MSVCRTD:MSVCR100D.dll
 0005:00000538       __imp_free                 0000000180035538     MSVCRTD:MSVCR100D.dll
 0005:00000540       __imp_wcstombs             0000000180035540     MSVCRTD:MSVCR100D.dll
 0005:00000548       __imp_strlen               0000000180035548     MSVCRTD:MSVCR100D.dll
 0005:00000550       __imp_strcpy               0000000180035550     MSVCRTD:MSVCR100D.dll
 0005:00000558       __imp__wopen               0000000180035558     MSVCRTD:MSVCR100D.dll
 0005:00000560       __imp__lseeki64            0000000180035560     MSVCRTD:MSVCR100D.dll
 0005:00000568       __imp_memcpy               0000000180035568     MSVCRTD:MSVCR100D.dll
 0005:00000570       __imp_memset               0000000180035570     MSVCRTD:MSVCR100D.dll
 0005:00000578       __imp__fseeki64            0000000180035578     MSVCRTD:MSVCR100D.dll
 0005:00000580       __imp_open                 0000000180035580     MSVCRTD:MSVCR100D.dll
 0005:00000580       __imp__open                0000000180035580     MSVCRTD:MSVCR100D.dll
 0005:00000588       __imp_read                 0000000180035588     MSVCRTD:MSVCR100D.dll
 0005:00000588       __imp__read                0000000180035588     MSVCRTD:MSVCR100D.dll
 0005:00000590       __imp_close                0000000180035590     MSVCRTD:MSVCR100D.dll
 0005:00000590       __imp__close               0000000180035590     MSVCRTD:MSVCR100D.dll
 0005:00000598       __imp__write               0000000180035598     MSVCRTD:MSVCR100D.dll
 0005:00000598       __imp_write                0000000180035598     MSVCRTD:MSVCR100D.dll
 0005:000005a0       \177MSVCR100D_NULL_THUNK_DATA 00000001800355a0     MSVCRTD:MSVCR100D.dll

 entry point at        0001:000276c0

