 zlibwapi

 Timestamp is 50dcb925 (Fri Dec 28 08:09:57 2012)

 Preferred load address is 0000000180000000

 Start         Length     Name                   Class
 0001:00000000 0001023eH .text                   CODE
 0001:00010240 00000092H .text$x                 CODE
 0002:00000000 000001c0H .idata$5                DATA
 0002:000001c0 00000008H .CRT$XCA                DATA
 0002:000001c8 00000008H .CRT$XCZ                DATA
 0002:000001d0 00000008H .CRT$XIA                DATA
 0002:000001d8 00000008H .CRT$XIAA               DATA
 0002:000001e0 00000008H .CRT$XIZ                DATA
 0002:000001f0 00004270H .rdata                  DATA
 0002:00004460 00000008H .rtc$IAA                DATA
 0002:00004468 00000008H .rtc$IZZ                DATA
 0002:00004470 00000008H .rtc$TAA                DATA
 0002:00004478 00000008H .rtc$TZZ                DATA
 0002:00004480 00001210H .xdata                  DATA
 0002:00005690 00000028H .idata$2                DATA
 0002:000056b8 00000014H .idata$3                DATA
 0002:000056d0 000001c0H .idata$4                DATA
 0002:00005890 000002f6H .idata$6                DATA
 0002:00005b90 00000c11H .edata                  DATA
 0003:00000000 00000080H .data                   DATA
 0003:00000080 00000040H .bss                    DATA
 0004:00000000 00000fb4H .pdata                  DATA
 0005:00000000 00000058H .rsrc$01                DATA
 0005:00000060 00000330H .rsrc$02                DATA

  Address         Publics by Value              Rva+Base               Lib:Object

 0000:00000000       ___safe_se_handler_count   0000000000000000     <absolute>
 0000:00000000       ___safe_se_handler_table   0000000000000000     <absolute>
 0000:00000000       __ImageBase                0000000180000000     <linker-defined>
 0001:00000000       adler32                    0000000180001000 f   adler32.obj
 0001:000003e0       adler32_combine            00000001800013e0 f   adler32.obj
 0001:000003f0       compress2                  00000001800013f0 f   compress.obj
 0001:000004a0       compress                   00000001800014a0 f   compress.obj
 0001:000004c0       compressBound              00000001800014c0 f   compress.obj
 0001:000004e0       get_crc_table              00000001800014e0 f   crc32.obj
 0001:000004f0       crc32                      00000001800014f0 f   crc32.obj
 0001:00000960       crc32_combine              0000000180001960 f   crc32.obj
 0001:00000970       deflateInit_               0000000180001970 f   deflate.obj
 0001:000009b0       deflateInit2_              00000001800019b0 f   deflate.obj
 0001:00000c40       deflateSetDictionary       0000000180001c40 f   deflate.obj
 0001:00000e70       deflateResetKeep           0000000180001e70 f   deflate.obj
 0001:00000f40       deflateReset               0000000180001f40 f   deflate.obj
 0001:00000f70       deflateSetHeader           0000000180001f70 f   deflate.obj
 0001:00000fa0       deflatePending             0000000180001fa0 f   deflate.obj
 0001:00000fe0       deflatePrime               0000000180001fe0 f   deflate.obj
 0001:000010a0       deflateParams              00000001800020a0 f   deflate.obj
 0001:000011b0       deflateTune                00000001800021b0 f   deflate.obj
 0001:000011f0       deflateBound               00000001800021f0 f   deflate.obj
 0001:000013b0       deflate                    00000001800023b0 f   deflate.obj
 0001:00001c60       deflateEnd                 0000000180002c60 f   deflate.obj
 0001:00001d40       deflateCopy                0000000180002d40 f   deflate.obj
 0001:00003330       gzclose                    0000000180004330 f   gzclose.obj
 0001:000036f0       gzopen                     00000001800046f0 f   gzlib.obj
 0001:00003700       gzdopen                    0000000180004700 f   gzlib.obj
 0001:00003780       gzopen_w                   0000000180004780 f   gzlib.obj
 0001:00003790       gzbuffer                   0000000180004790 f   gzlib.obj
 0001:000037c0       gzrewind                   00000001800047c0 f   gzlib.obj
 0001:00003820       gzseek64                   0000000180004820 f   gzlib.obj
 0001:00003980       gzseek                     0000000180004980 f   gzlib.obj
 0001:000039b0       gztell64                   00000001800049b0 f   gzlib.obj
 0001:000039f0       gztell                     00000001800049f0 f   gzlib.obj
 0001:00003a10       gzoffset64                 0000000180004a10 f   gzlib.obj
 0001:00003a70       gzoffset                   0000000180004a70 f   gzlib.obj
 0001:00003a90       gzeof                      0000000180004a90 f   gzlib.obj
 0001:00003ac0       gzerror                    0000000180004ac0 f   gzlib.obj
 0001:00003b00       gzclearerr                 0000000180004b00 f   gzlib.obj
 0001:00003b40       gz_error                   0000000180004b40 f   gzlib.obj
 0001:000041a0       gzread                     00000001800051a0 f   gzread.obj
 0001:00004350       gzgetc                     0000000180005350 f   gzread.obj
 0001:000043c0       gzgetc_                    00000001800053c0 f   gzread.obj
 0001:000043d0       gzungetc                   00000001800053d0 f   gzread.obj
 0001:000044e0       gzgets                     00000001800054e0 f   gzread.obj
 0001:00004630       gzdirect                   0000000180005630 f   gzread.obj
 0001:00004670       gzclose_r                  0000000180005670 f   gzread.obj
 0001:00004a70       gzwrite                    0000000180005a70 f   gzwrite.obj
 0001:00004bb0       gzputc                     0000000180005bb0 f   gzwrite.obj
 0001:00004c60       gzputs                     0000000180005c60 f   gzwrite.obj
 0001:00004ca0       gzprintf                   0000000180005ca0 f   gzwrite.obj
 0001:00004da0       gzflush                    0000000180005da0 f   gzwrite.obj
 0001:00004e20       gzsetparams                0000000180005e20 f   gzwrite.obj
 0001:00004ef0       gzclose_w                  0000000180005ef0 f   gzwrite.obj
 0001:00004fc0       inflateBackInit_           0000000180005fc0 f   infback.obj
 0001:00005100       inflateBack                0000000180006100 f   infback.obj
 0001:00006000       inflateBackEnd             0000000180007000 f   infback.obj
 0001:00006050       inflate_fast               0000000180007050 f   inffas8664.obj
 0001:00006200       inflateResetKeep           0000000180007200 f   inflate.obj
 0001:00006280       inflateReset               0000000180007280 f   inflate.obj
 0001:000062b0       inflateReset2              00000001800072b0 f   inflate.obj
 0001:00006360       inflateInit2_              0000000180007360 f   inflate.obj
 0001:00006450       inflateInit_               0000000180007450 f   inflate.obj
 0001:00006460       inflatePrime               0000000180007460 f   inflate.obj
 0001:000065f0       inflate                    00000001800075f0 f   inflate.obj
 0001:00007ca0       inflateEnd                 0000000180008ca0 f   inflate.obj
 0001:00007d00       inflateSetDictionary       0000000180008d00 f   inflate.obj
 0001:00007df0       inflateGetHeader           0000000180008df0 f   inflate.obj
 0001:00007e90       inflateSync                0000000180008e90 f   inflate.obj
 0001:00007fb0       inflateSyncPoint           0000000180008fb0 f   inflate.obj
 0001:00007fe0       inflateCopy                0000000180008fe0 f   inflate.obj
 0001:00008170       inflateUndermine           0000000180009170 f   inflate.obj
 0001:000081a0       inflateMark                00000001800091a0 f   inflate.obj
 0001:00008200       inflate_table              0000000180009200 f   inftrees.obj
 0001:00008660       call_zopen64               0000000180009660 f   ioapi.obj
 0001:00008680       call_zseek64               0000000180009680 f   ioapi.obj
 0001:000086b0       call_ztell64               00000001800096b0 f   ioapi.obj
 0001:000086f0       fill_zlib_filefunc64_32_def_from_filefunc32 00000001800096f0 f   ioapi.obj
 0001:00008860       fill_fopen64_filefunc      0000000180009860 f   ioapi.obj
 0001:00008990       win32_open64_file_func     0000000180009990 f   iowin32.obj
 0001:00008990       win32_open64_file_funcA    0000000180009990 f   iowin32.obj
 0001:00008990       win32_open_file_func       0000000180009990 f   iowin32.obj
 0001:00008a10       win32_open64_file_funcW    0000000180009a10 f   iowin32.obj
 0001:00008a90       win32_read_file_func       0000000180009a90 f   iowin32.obj
 0001:00008b00       win32_write_file_func      0000000180009b00 f   iowin32.obj
 0001:00008b70       win32_tell_file_func       0000000180009b70 f   iowin32.obj
 0001:00008bb0       win32_tell64_file_func     0000000180009bb0 f   iowin32.obj
 0001:00008c20       win32_seek_file_func       0000000180009c20 f   iowin32.obj
 0001:00008ca0       win32_seek64_file_func     0000000180009ca0 f   iowin32.obj
 0001:00008d30       win32_close_file_func      0000000180009d30 f   iowin32.obj
 0001:00008d70       win32_error_file_func      0000000180009d70 f   iowin32.obj
 0001:00008d80       fill_win32_filefunc        0000000180009d80 f   iowin32.obj
 0001:00008de0       fill_win32_filefunc64      0000000180009de0 f   iowin32.obj
 0001:00008de0       fill_win32_filefunc64A     0000000180009de0 f   iowin32.obj
 0001:00008e40       fill_win32_filefunc64W     0000000180009e40 f   iowin32.obj
 0001:00008ea0       _tr_init                   0000000180009ea0 f   trees.obj
 0001:00009ec0       _tr_stored_block           000000018000aec0 f   trees.obj
 0001:00009f50       _tr_flush_bits             000000018000af50 f   trees.obj
 0001:00009f60       _tr_align                  000000018000af60 f   trees.obj
 0001:0000a080       _tr_flush_block            000000018000b080 f   trees.obj
 0001:0000a960       uncompress                 000000018000b960 f   uncompr.obj
 0001:0000ad60       unzStringFileNameCompare   000000018000bd60 f   unzip.obj
 0001:0000b3a0       unzOpen2                   000000018000c3a0 f   unzip.obj
 0001:0000b3f0       unzOpen2_64                000000018000c3f0 f   unzip.obj
 0001:0000b450       unzOpen                    000000018000c450 f   unzip.obj
 0001:0000b460       unzOpen64                  000000018000c460 f   unzip.obj
 0001:0000b470       unzClose                   000000018000c470 f   unzip.obj
 0001:0000b4c0       unzGetGlobalInfo64         000000018000c4c0 f   unzip.obj
 0001:0000b4e0       unzGetGlobalInfo           000000018000c4e0 f   unzip.obj
 0001:0000ba90       unzGetCurrentFileInfo64    000000018000ca90 f   unzip.obj
 0001:0000bae0       unzGetCurrentFileInfo      000000018000cae0 f   unzip.obj
 0001:0000bbe0       unzGoToFirstFile           000000018000cbe0 f   unzip.obj
 0001:0000bc60       unzGoToNextFile            000000018000cc60 f   unzip.obj
 0001:0000bd20       unzLocateFile              000000018000cd20 f   unzip.obj
 0001:0000bf00       unzGetFilePos64            000000018000cf00 f   unzip.obj
 0001:0000bf40       unzGetFilePos              000000018000cf40 f   unzip.obj
 0001:0000bf70       unzGoToFilePos64           000000018000cf70 f   unzip.obj
 0001:0000bff0       unzGoToFilePos             000000018000cff0 f   unzip.obj
 0001:0000c260       unzOpenCurrentFile3        000000018000d260 f   unzip.obj
 0001:0000c4c0       unzOpenCurrentFile         000000018000d4c0 f   unzip.obj
 0001:0000c4e0       unzOpenCurrentFilePassword 000000018000d4e0 f   unzip.obj
 0001:0000c500       unzOpenCurrentFile2        000000018000d500 f   unzip.obj
 0001:0000c520       unzGetCurrentFileZStreamPos64 000000018000d520 f   unzip.obj
 0001:0000c540       unzReadCurrentFile         000000018000d540 f   unzip.obj
 0001:0000c800       unztell                    000000018000d800 f   unzip.obj
 0001:0000c820       unztell64                  000000018000d820 f   unzip.obj
 0001:0000c840       unzeof                     000000018000d840 f   unzip.obj
 0001:0000c870       unzGetLocalExtrafield      000000018000d870 f   unzip.obj
 0001:0000c970       unzCloseCurrentFile        000000018000d970 f   unzip.obj
 0001:0000ca30       unzGetGlobalComment        000000018000da30 f   unzip.obj
 0001:0000d680       LoadCentralDirectoryRecord 000000018000e680 f   zip.obj
 0001:0000da20       zipOpen3                   000000018000ea20 f   zip.obj
 0001:0000dbc0       zipOpen2                   000000018000ebc0 f   zip.obj
 0001:0000dc10       zipOpen2_64                000000018000ec10 f   zip.obj
 0001:0000dc70       zipOpen                    000000018000ec70 f   zip.obj
 0001:0000dc70       zipOpen64                  000000018000ec70 f   zip.obj
 0001:0000dc80       Write_LocalFileHeader      000000018000ec80 f   zip.obj
 0001:0000dee0       zipOpenNewFileInZip4_64    000000018000eee0 f   zip.obj
 0001:0000e4b0       zipOpenNewFileInZip3       000000018000f4b0 f   zip.obj
 0001:0000e560       zipOpenNewFileInZip3_64    000000018000f560 f   zip.obj
 0001:0000e620       zipOpenNewFileInZip2       000000018000f620 f   zip.obj
 0001:0000e6b0       zipOpenNewFileInZip2_64    000000018000f6b0 f   zip.obj
 0001:0000e750       zipOpenNewFileInZip64      000000018000f750 f   zip.obj
 0001:0000e7e0       zipOpenNewFileInZip        000000018000f7e0 f   zip.obj
 0001:0000e960       zipWriteInFileInZip        000000018000f960 f   zip.obj
 0001:0000eab0       zipCloseFileInZipRaw       000000018000fab0 f   zip.obj
 0001:0000eac0       zipCloseFileInZipRaw64     000000018000fac0 f   zip.obj
 0001:0000ef40       zipCloseFileInZip          000000018000ff40 f   zip.obj
 0001:0000ef50       Write_Zip64EndOfCentralDirectoryLocator 000000018000ff50 f   zip.obj
 0001:0000efd0       Write_Zip64EndOfCentralDirectoryRecord 000000018000ffd0 f   zip.obj
 0001:0000f100       Write_EndOfCentralDirectoryRecord 0000000180010100 f   zip.obj
 0001:0000f220       Write_GlobalComment        0000000180010220 f   zip.obj
 0001:0000f2b0       zipClose                   00000001800102b0 f   zip.obj
 0001:0000f420       zlibVersion                0000000180010420 f   zutil.obj
 0001:0000f430       zlibCompileFlags           0000000180010430 f   zutil.obj
 0001:0000f440       zError                     0000000180010440 f   zutil.obj
 0001:0000f460       zcalloc                    0000000180010460 f   zutil.obj
 0001:0000f470       zcfree                     0000000180010470 f   zutil.obj
 0001:0000f480       longest_match              0000000180010480 f   gvmat64.obj
 0001:0000f759       match_init                 0000000180010759 f   gvmat64.obj
 0001:0000f760       inffas8664fnc              0000000180010760 f   inffasx64.obj
 0001:0000fad8       _CRT_INIT                  0000000180010ad8 f   MSVCRT:crtdll.obj
 0001:0000fe70       _DllMainCRTStartup         0000000180010e70 f   MSVCRT:crtdll.obj
 0001:0000feb0       __clean_type_info_names    0000000180010eb0 f   MSVCRT:tncleanup.obj
 0001:0000febc       _onexit                    0000000180010ebc f   MSVCRT:atonexit.obj
 0001:0000ff6c       atexit                     0000000180010f6c f   MSVCRT:atonexit.obj
 0001:0000ff84       _RTC_Initialize            0000000180010f84 f   MSVCRT:_initsect_.obj
 0001:0000ffbc       _RTC_Terminate             0000000180010fbc f   MSVCRT:_initsect_.obj
 0001:00010000       _ValidateImageBase         0000000180011000 f   MSVCRT:pesect.obj
 0001:00010030       _FindPESection             0000000180011030 f   MSVCRT:pesect.obj
 0001:00010080       _IsNonwritableInCurrentImage 0000000180011080 f   MSVCRT:pesect.obj
 0001:000100c2       _initterm                  00000001800110c2 f   MSVCRT:MSVCR100.dll
 0001:000100c8       _initterm_e                00000001800110c8 f   MSVCRT:MSVCR100.dll
 0001:000100ce       _amsg_exit                 00000001800110ce f   MSVCRT:MSVCR100.dll
 0001:000100d4       __C_specific_handler       00000001800110d4 f   MSVCRT:MSVCR100.dll
 0001:000100da       __CppXcptFilter            00000001800110da f   MSVCRT:MSVCR100.dll
 0001:000100e0       DllMain                    00000001800110e0 f   MSVCRT:dllmain.obj
 0001:00010104       __security_init_cookie     0000000180011104 f   MSVCRT:gs_support.obj
 0001:000101b8       __clean_type_info_names_internal 00000001800111b8 f   MSVCRT:MSVCR100.dll
 0001:000101be       _unlock                    00000001800111be f   MSVCRT:MSVCR100.dll
 0001:000101c4       __dllonexit                00000001800111c4 f   MSVCRT:MSVCR100.dll
 0001:000101ca       _lock                      00000001800111ca f   MSVCRT:MSVCR100.dll
 0001:000101d0       memset                     00000001800111d0 f   MSVCRT:MSVCR100.dll
 0001:000101d6       memcpy                     00000001800111d6 f   MSVCRT:MSVCR100.dll
 0001:000101f0       __chkstk                   00000001800111f0 f   MSVCRT:chkstk.obj
 0001:000101f0       _alloca_probe              00000001800111f0     MSVCRT:chkstk.obj
 0002:00000000       __imp_CreateFileA          0000000180012000     kernel32:KERNEL32.dll
 0002:00000008       __imp_SetFilePointer       0000000180012008     kernel32:KERNEL32.dll
 0002:00000010       __imp_WriteFile            0000000180012010     kernel32:KERNEL32.dll
 0002:00000018       __imp_ReadFile             0000000180012018     kernel32:KERNEL32.dll
 0002:00000020       __imp_CreateFileW          0000000180012020     kernel32:KERNEL32.dll
 0002:00000028       __imp_GetLastError         0000000180012028     kernel32:KERNEL32.dll
 0002:00000030       __imp_CloseHandle          0000000180012030     kernel32:KERNEL32.dll
 0002:00000038       __imp_GetCurrentProcessId  0000000180012038     kernel32:KERNEL32.dll
 0002:00000040       __imp_GetCurrentThreadId   0000000180012040     kernel32:KERNEL32.dll
 0002:00000048       __imp_GetTickCount         0000000180012048     kernel32:KERNEL32.dll
 0002:00000050       __imp_QueryPerformanceCounter 0000000180012050     kernel32:KERNEL32.dll
 0002:00000058       __imp_DisableThreadLibraryCalls 0000000180012058     kernel32:KERNEL32.dll
 0002:00000060       __imp_Sleep                0000000180012060     kernel32:KERNEL32.dll
 0002:00000068       __imp_DecodePointer        0000000180012068     kernel32:KERNEL32.dll
 0002:00000070       __imp_EncodePointer        0000000180012070     kernel32:KERNEL32.dll
 0002:00000078       __imp_GetSystemTimeAsFileTime 0000000180012078     kernel32:KERNEL32.dll
 0002:00000080       \177KERNEL32_NULL_THUNK_DATA 0000000180012080     kernel32:KERNEL32.dll
 0002:00000088       __imp__ftelli64            0000000180012088     MSVCRT:MSVCR100.dll
 0002:00000090       __imp__fseeki64            0000000180012090     MSVCRT:MSVCR100.dll
 0002:00000098       __imp_fopen                0000000180012098     MSVCRT:MSVCR100.dll
 0002:000000a0       __imp_fread                00000001800120a0     MSVCRT:MSVCR100.dll
 0002:000000a8       __imp_ferror               00000001800120a8     MSVCRT:MSVCR100.dll
 0002:000000b0       __imp_fwrite               00000001800120b0     MSVCRT:MSVCR100.dll
 0002:000000b8       __imp_fclose               00000001800120b8     MSVCRT:MSVCR100.dll
 0002:000000c0       __imp__errno               00000001800120c0     MSVCRT:MSVCR100.dll
 0002:000000c8       __imp_srand                00000001800120c8     MSVCRT:MSVCR100.dll
 0002:000000d0       __imp__time64              00000001800120d0     MSVCRT:MSVCR100.dll
 0002:000000d8       __imp_vsnprintf            00000001800120d8     MSVCRT:MSVCR100.dll
 0002:000000d8       __imp__vsnprintf           00000001800120d8     MSVCRT:MSVCR100.dll
 0002:000000e0       __imp__malloc_crt          00000001800120e0     MSVCRT:MSVCR100.dll
 0002:000000e8       __imp__initterm            00000001800120e8     MSVCRT:MSVCR100.dll
 0002:000000f0       __imp__initterm_e          00000001800120f0     MSVCRT:MSVCR100.dll
 0002:000000f8       __imp__encoded_null        00000001800120f8     MSVCRT:MSVCR100.dll
 0002:00000100       __imp__amsg_exit           0000000180012100     MSVCRT:MSVCR100.dll
 0002:00000108       __imp___C_specific_handler 0000000180012108     MSVCRT:MSVCR100.dll
 0002:00000110       __imp___CppXcptFilter      0000000180012110     MSVCRT:MSVCR100.dll
 0002:00000118       __imp___clean_type_info_names_internal 0000000180012118     MSVCRT:MSVCR100.dll
 0002:00000120       __imp__unlock              0000000180012120     MSVCRT:MSVCR100.dll
 0002:00000128       __imp___dllonexit          0000000180012128     MSVCRT:MSVCR100.dll
 0002:00000130       __imp__lock                0000000180012130     MSVCRT:MSVCR100.dll
 0002:00000138       __imp__onexit              0000000180012138     MSVCRT:MSVCR100.dll
 0002:00000140       __imp_memchr               0000000180012140     MSVCRT:MSVCR100.dll
 0002:00000148       __imp_strerror             0000000180012148     MSVCRT:MSVCR100.dll
 0002:00000150       __imp_wcstombs             0000000180012150     MSVCRT:MSVCR100.dll
 0002:00000158       __imp_malloc               0000000180012158     MSVCRT:MSVCR100.dll
 0002:00000160       __imp_free                 0000000180012160     MSVCRT:MSVCR100.dll
 0002:00000168       __imp__wopen               0000000180012168     MSVCRT:MSVCR100.dll
 0002:00000170       __imp__lseeki64            0000000180012170     MSVCRT:MSVCR100.dll
 0002:00000178       __imp_sprintf              0000000180012178     MSVCRT:MSVCR100.dll
 0002:00000180       __imp_rand                 0000000180012180     MSVCRT:MSVCR100.dll
 0002:00000188       __imp__open                0000000180012188     MSVCRT:MSVCR100.dll
 0002:00000188       __imp_open                 0000000180012188     MSVCRT:MSVCR100.dll
 0002:00000190       __imp_read                 0000000180012190     MSVCRT:MSVCR100.dll
 0002:00000190       __imp__read                0000000180012190     MSVCRT:MSVCR100.dll
 0002:00000198       __imp__close               0000000180012198     MSVCRT:MSVCR100.dll
 0002:00000198       __imp_close                0000000180012198     MSVCRT:MSVCR100.dll
 0002:000001a0       __imp__write               00000001800121a0     MSVCRT:MSVCR100.dll
 0002:000001a0       __imp_write                00000001800121a0     MSVCRT:MSVCR100.dll
 0002:000001a8       __imp_memset               00000001800121a8     MSVCRT:MSVCR100.dll
 0002:000001b0       __imp_memcpy               00000001800121b0     MSVCRT:MSVCR100.dll
 0002:000001b8       \177MSVCR100_NULL_THUNK_DATA 00000001800121b8     MSVCRT:MSVCR100.dll
 0002:000001c0       __xc_a                     00000001800121c0     MSVCRT:cinitexe.obj
 0002:000001c8       __xc_z                     00000001800121c8     MSVCRT:cinitexe.obj
 0002:000001d0       __xi_a                     00000001800121d0     MSVCRT:cinitexe.obj
 0002:000001e0       __xi_z                     00000001800121e0     MSVCRT:cinitexe.obj
 0002:000001f0       _pRawDllMain               00000001800121f0     MSVCRT:crtdll.obj
 0002:000001f0       _pDefaultRawDllMain        00000001800121f0     MSVCRT:crtdll.obj
 0002:000001f8       ??_C@_05HBMOAMF@1?42?47?$AA@ 00000001800121f8     compress.obj
 0002:00000200       z_errmsg                   0000000180012200     zutil.obj
 0002:00000250       zip_copyright              0000000180012250     zip.obj
 0002:000002a0       unz_copyright              00000001800122a0     unzip.obj
 0002:000009a0       _dist_code                 00000001800129a0     trees.obj
 0002:00000ba0       _length_code               0000000180012ba0     trees.obj
 0002:00000d98       inflate_copyright          0000000180012d98     inftrees.obj
 0002:00001fd0       deflate_copyright          0000000180013fd0     deflate.obj
 0002:000040c0       ??_C@_07EBNKNFJN@?$DMfd?3?$CFd?$DO?$AA@ 00000001800160c0     gzlib.obj
 0002:000040c8       ??_C@_00CNPNBAHC@?$AA@     00000001800160c8     gzlib.obj
 0002:000040d0       ??_C@_0O@BNNCBLEN@out?5of?5memory?$AA@ 00000001800160d0     gzlib.obj
 0002:000040e0       ??_C@_02LMMGGCAJ@?3?5?$AA@ 00000001800160e0     gzlib.obj
 0002:000040e8       ??_C@_0BH@CFIIDOJD@unexpected?5end?5of?5file?$AA@ 00000001800160e8     gzread.obj
 0002:00004100       ??_C@_0CH@CPOLIEKA@internal?5error?3?5inflate?5stream?5c@ 0000000180016100     gzread.obj
 0002:00004128       ??_C@_0BG@HCKBMIHF@compressed?5data?5error?$AA@ 0000000180016128     gzread.obj
 0002:00004140       ??_C@_0CF@MLPJFDMM@requested?5length?5does?5not?5fit?5in@ 0000000180016140     gzread.obj
 0002:00004168       ??_C@_0BP@IIKIGMCC@out?5of?5room?5to?5push?5characters?$AA@ 0000000180016168     gzread.obj
 0002:00004188       ??_C@_0CH@DEEGAHIB@internal?5error?3?5deflate?5stream?5c@ 0000000180016188     gzwrite.obj
 0002:000041b0       ??_C@_0BD@PJCBIDD@invalid?5block?5type?$AA@ 00000001800161b0     infback.obj
 0002:000041c8       ??_C@_0BN@LGAADGOK@invalid?5stored?5block?5lengths?$AA@ 00000001800161c8     infback.obj
 0002:000041e8       ??_C@_0CE@GMIGFPBB@too?5many?5length?5or?5distance?5symb@ 00000001800161e8     infback.obj
 0002:00004210       ??_C@_0BJ@HDEPPGOH@invalid?5code?5lengths?5set?$AA@ 0000000180016210     infback.obj
 0002:00004230       ??_C@_0BK@BMMPFBBH@invalid?5bit?5length?5repeat?$AA@ 0000000180016230     infback.obj
 0002:00004250       ??_C@_0CF@DGDMADCD@invalid?5code?5?9?9?5missing?5end?9of?9b@ 0000000180016250     infback.obj
 0002:00004278       ??_C@_0BM@IIMGAINC@invalid?5literal?1lengths?5set?$AA@ 0000000180016278     infback.obj
 0002:00004298       ??_C@_0BG@GMDFCBGP@invalid?5distances?5set?$AA@ 0000000180016298     infback.obj
 0002:000042b0       ??_C@_0BM@FFFLPBBC@invalid?5literal?1length?5code?$AA@ 00000001800162b0     infback.obj
 0002:000042d0       ??_C@_0BG@LBKINIKP@invalid?5distance?5code?$AA@ 00000001800162d0     infback.obj
 0002:000042e8       ??_C@_0BO@ECPMAOGG@invalid?5distance?5too?5far?5back?$AA@ 00000001800162e8     infback.obj
 0002:00004308       ??_C@_0BH@LIBMMIGA@incorrect?5header?5check?$AA@ 0000000180016308     inflate.obj
 0002:00004320       ??_C@_0BL@IHKGDAEE@unknown?5compression?5method?$AA@ 0000000180016320     inflate.obj
 0002:00004340       ??_C@_0BE@EMOGCLGO@invalid?5window?5size?$AA@ 0000000180016340     inflate.obj
 0002:00004358       ??_C@_0BJ@BLBBCOMO@unknown?5header?5flags?5set?$AA@ 0000000180016358     inflate.obj
 0002:00004378       ??_C@_0BE@GONKLEPM@header?5crc?5mismatch?$AA@ 0000000180016378     inflate.obj
 0002:00004390       ??_C@_0BF@MEIGEHBE@incorrect?5data?5check?$AA@ 0000000180016390     inflate.obj
 0002:000043a8       ??_C@_0BH@FGKKJGOC@incorrect?5length?5check?$AA@ 00000001800163a8     inflate.obj
 0002:000043c0       ??_C@_02JDPG@rb?$AA@       00000001800163c0     ioapi.obj
 0002:000043c4       ??_C@_03HMFOOINA@r?$CLb?$AA@ 00000001800163c4     ioapi.obj
 0002:000043c8       ??_C@_02GMLFBBN@wb?$AA@    00000001800163c8     ioapi.obj
 0002:000043cc       ??_C@_01JOAMLHOP@?9?$AA@   00000001800163cc     zip.obj
 0002:000043d0       ??_C@_0BF@CJFPCCEG@incompatible?5version?$AA@ 00000001800163d0     zutil.obj
 0002:000043e8       ??_C@_0N@DFPGLBGC@buffer?5error?$AA@ 00000001800163e8     zutil.obj
 0002:000043f8       ??_C@_0BE@OGGJBMCE@insufficient?5memory?$AA@ 00000001800163f8     zutil.obj
 0002:00004410       ??_C@_0L@HAHMBNLP@data?5error?$AA@ 0000000180016410     zutil.obj
 0002:00004420       ??_C@_0N@MKKNPMJD@stream?5error?$AA@ 0000000180016420     zutil.obj
 0002:00004430       ??_C@_0L@KIJFAKBJ@file?5error?$AA@ 0000000180016430     zutil.obj
 0002:00004440       ??_C@_0L@FNAOCBOG@stream?5end?$AA@ 0000000180016440     zutil.obj
 0002:00004450       ??_C@_0BA@MOKMMFOD@need?5dictionary?$AA@ 0000000180016450     zutil.obj
 0002:00004460       __rtc_iaa                  0000000180016460     MSVCRT:_initsect_.obj
 0002:00004468       __rtc_izz                  0000000180016468     MSVCRT:_initsect_.obj
 0002:00004470       __rtc_taa                  0000000180016470     MSVCRT:_initsect_.obj
 0002:00004478       __rtc_tzz                  0000000180016478     MSVCRT:_initsect_.obj
 0002:00005690       __IMPORT_DESCRIPTOR_KERNEL32 0000000180017690     kernel32:KERNEL32.dll
 0002:000056a4       __IMPORT_DESCRIPTOR_MSVCR100 00000001800176a4     MSVCRT:MSVCR100.dll
 0002:000056b8       __NULL_IMPORT_DESCRIPTOR   00000001800176b8     kernel32:KERNEL32.dll
 0003:00000000       __native_dllmain_reason    0000000180019000     MSVCRT:natstart.obj
 0003:00000004       __native_vcclrit_reason    0000000180019004     MSVCRT:natstart.obj
 0003:00000008       __security_cookie          0000000180019008     MSVCRT:gs_cookie.obj
 0003:00000010       __security_cookie_complement 0000000180019010     MSVCRT:gs_cookie.obj
 0003:00000088       ?__type_info_root_node@@3U__type_info_node@@A 0000000180019088     MSVCRT:tncleanup.obj
 0003:0000009c       __native_startup_state     000000018001909c     <common>
 0003:000000a0       __native_startup_lock      00000001800190a0     <common>
 0003:000000a8       __onexitend                00000001800190a8     <common>
 0003:000000b0       __onexitbegin              00000001800190b0     <common>
 0003:000000b8       __dyn_tls_init_callback    00000001800190b8     <common>

 entry point at        0001:0000fe70

 Static symbols

 0001:00000310       adler32_combine_           0000000180001310 f    CIL library: CIL module
 0001:00000500       crc32_little               0000000180001500 f    CIL library: CIL module
 0001:00000820       gf2_matrix_times           0000000180001820 f    CIL library: CIL module
 0001:00000840       gf2_matrix_square          0000000180001840 f    CIL library: CIL module
 0001:00000880       crc32_combine_             0000000180001880 f    CIL library: CIL module
 0001:00001300       putShortMSB                0000000180002300 f    CIL library: CIL module
 0001:00001330       flush_pending              0000000180002330 f    CIL library: CIL module
 0001:00001f30       read_buf                   0000000180002f30 f    CIL library: CIL module
 0001:00001fe0       lm_init                    0000000180002fe0 f    CIL library: CIL module
 0001:000020a0       fill_window                00000001800030a0 f    CIL library: CIL module
 0001:000022f0       deflate_stored             00000001800032f0 f    CIL library: CIL module
 0001:000024e0       deflate_fast               00000001800034e0 f    CIL library: CIL module
 0001:000028f0       deflate_slow               00000001800038f0 f    CIL library: CIL module
 0001:00002e10       deflate_rle                0000000180003e10 f    CIL library: CIL module
 0001:00003160       deflate_huff               0000000180004160 f    CIL library: CIL module
 0001:00003350       gz_reset                   0000000180004350 f    CIL library: CIL module
 0001:000033a0       gz_open                    00000001800043a0 f    CIL library: CIL module
 0001:00003c60       gz_load                    0000000180004c60 f    CIL library: CIL module
 0001:00003d00       gz_avail                   0000000180004d00 f    CIL library: CIL module
 0001:00003d90       gz_look                    0000000180004d90 f    CIL library: CIL module
 0001:00003f60       gz_decomp                  0000000180004f60 f    CIL library: CIL module
 0001:00004070       gz_fetch                   0000000180005070 f    CIL library: CIL module
 0001:00004120       gz_skip                    0000000180005120 f    CIL library: CIL module
 0001:00004720       gz_init                    0000000180005720 f    CIL library: CIL module
 0001:00004830       gz_comp                    0000000180005830 f    CIL library: CIL module
 0001:000049b0       gz_zero                    00000001800059b0 f    CIL library: CIL module
 0001:000050d0       fixedtables                00000001800060d0 f    CIL library: CIL module
 0001:000064c0       fixedtables                00000001800074c0 f    CIL library: CIL module
 0001:000064f0       updatewindow               00000001800074f0 f    CIL library: CIL module
 0001:00007e20       syncsearch                 0000000180008e20 f    CIL library: CIL module
 0001:00008740       fopen64_file_func          0000000180009740 f    CIL library: CIL module
 0001:00008790       fread_file_func            0000000180009790 f    CIL library: CIL module
 0001:000087b0       fwrite_file_func           00000001800097b0 f    CIL library: CIL module
 0001:000087d0       ftell64_file_func          00000001800097d0 f    CIL library: CIL module
 0001:000087e0       fseek64_file_func          00000001800097e0 f    CIL library: CIL module
 0001:00008840       fclose_file_func           0000000180009840 f    CIL library: CIL module
 0001:00008850       ferror_file_func           0000000180009850 f    CIL library: CIL module
 0001:000088c0       win32_translate_open_mode  00000001800098c0 f    CIL library: CIL module
 0001:00008920       win32_build_iowin          0000000180009920 f    CIL library: CIL module
 0001:00008f10       init_block                 0000000180009f10 f    CIL library: CIL module
 0001:00008f90       pqdownheap                 0000000180009f90 f    CIL library: CIL module
 0001:00009080       gen_bitlen                 000000018000a080 f    CIL library: CIL module
 0001:000092a0       gen_codes                  000000018000a2a0 f    CIL library: CIL module
 0001:00009320       build_tree                 000000018000a320 f    CIL library: CIL module
 0001:00009570       scan_tree                  000000018000a570 f    CIL library: CIL module
 0001:00009660       send_tree                  000000018000a660 f    CIL library: CIL module
 0001:00009bd0       build_bl_tree              000000018000abd0 f    CIL library: CIL module
 0001:00009c50       send_all_trees             000000018000ac50 f    CIL library: CIL module
 0001:0000a2b0       compress_block             000000018000b2b0 f    CIL library: CIL module
 0001:0000a720       detect_data_type           000000018000b720 f    CIL library: CIL module
 0001:0000a7a0       bi_reverse                 000000018000b7a0 f    CIL library: CIL module
 0001:0000a7c0       bi_flush                   000000018000b7c0 f    CIL library: CIL module
 0001:0000a850       bi_windup                  000000018000b850 f    CIL library: CIL module
 0001:0000a8b0       copy_block                 000000018000b8b0 f    CIL library: CIL module
 0001:0000aa30       unz64local_getShort        000000018000ba30 f    CIL library: CIL module
 0001:0000aab0       unz64local_getLong         000000018000bab0 f    CIL library: CIL module
 0001:0000ab80       unz64local_getLong64       000000018000bb80 f    CIL library: CIL module
 0001:0000ad00       strcmpcasenosensitive_internal 000000018000bd00 f    CIL library: CIL module
 0001:0000ad90       unz64local_SearchCentralDir64 000000018000bd90 f    CIL library: CIL module
 0001:0000afb0       unzOpenInternal            000000018000bfb0 f    CIL library: CIL module
 0001:0000b500       unz64local_DosDateToTmuDate 000000018000c500 f    CIL library: CIL module
 0001:0000b560       unz64local_GetCurrentFileInfoInternal 000000018000c560 f    CIL library: CIL module
 0001:0000c030       unz64local_CheckCurrentFileCoherencyHeader 000000018000d030 f    CIL library: CIL module
 0001:0000cae0       decrypt_byte               000000018000dae0 f    CIL library: CIL module
 0001:0000cb00       update_keys                000000018000db00 f    CIL library: CIL module
 0001:0000cb60       init_keys                  000000018000db60 f    CIL library: CIL module
 0001:0000cbd0       crypthead                  000000018000dbd0 f    CIL library: CIL module
 0001:0000cd20       allocate_new_datablock     000000018000dd20 f    CIL library: CIL module
 0001:0000cd50       free_datablock             000000018000dd50 f    CIL library: CIL module
 0001:0000cd80       init_linkedlist            000000018000dd80 f    CIL library: CIL module
 0001:0000cd90       free_linkedlist            000000018000dd90 f    CIL library: CIL module
 0001:0000cdc0       add_data_in_datablock      000000018000ddc0 f    CIL library: CIL module
 0001:0000ce90       zip64local_putValue        000000018000de90 f    CIL library: CIL module
 0001:0000cf10       zip64local_putValue_inmemory 000000018000df10 f    CIL library: CIL module
 0001:0000cf50       zip64local_TmzDateToDosDate 000000018000df50 f    CIL library: CIL module
 0001:0000cfa0       unz64local_getByte         000000018000dfa0 f    CIL library: CIL module
 0001:0000cfa0       zip64local_getByte         000000018000dfa0 f    CIL library: CIL module
 0001:0000d010       zip64local_getShort        000000018000e010 f    CIL library: CIL module
 0001:0000d090       zip64local_getLong         000000018000e090 f    CIL library: CIL module
 0001:0000d160       zip64local_getLong64       000000018000e160 f    CIL library: CIL module
 0001:0000d2e0       unz64local_SearchCentralDir 000000018000e2e0 f    CIL library: CIL module
 0001:0000d2e0       zip64local_SearchCentralDir 000000018000e2e0 f    CIL library: CIL module
 0001:0000d460       zip64local_SearchCentralDir64 000000018000e460 f    CIL library: CIL module
 0001:0000e870       zip64FlushWriteBuffer      000000018000f870 f    CIL library: CIL module
 0001:0000fa78       pre_c_init                 0000000180010a78 f   MSVCRT:crtdll.obj
 0001:0000fd34       __DllMainCRTStartup        0000000180010d34 f   MSVCRT:crtdll.obj
 0001:00010240       __DllMainCRTStartup$filt$0 0000000180011240 f   MSVCRT:crtdll.obj
 0001:00010270       __DllMainCRTStartup$fin$1  0000000180011270 f   MSVCRT:crtdll.obj
 0001:0001028a       _onexit$fin$0              000000018001128a f   MSVCRT:atonexit.obj
 0001:000102b0       _IsNonwritableInCurrentImage$filt$0 00000001800112b0 f   MSVCRT:pesect.obj
